// Jest Snapshot v1, https://goo.gl/fbAQLP

exports[`<App /> should render and match the snapshot 1`] = `
<React.Fragment>
  <ForwardRef(WithStyles) />
  <Switch>
    <Route
      component={[Function]}
      exact={true}
      path="/"
    />
    <Route
      component={[Function]}
      exact={true}
      path="/game"
    />
    <Route
      component={[Function]}
      exact={true}
      path="/score-sheet"
    />
    <Route
      component={[Function]}
    />
  </Switch>
</React.Fragment>
`;
